Token: eyJhbGciOiJIUzI1NiIsInR5cCI6IkpXVCJ9.eyJzdWIiOiJhZG1pbiIsImlhdCI6MTc3MzQzMTg5NywiZXhwIjoxNzc0MTIzMDk3fQ.Rx1u84tR1CTnycmxg1_RWqC56cJhwqdE5R1y67qsyaM
Users fetch successful!
